 codecuttlectl  us.anthropic.claude-opus-4-6-v1  us-east-1  4p                                                  0/0 tok


































╭──────────────────────────────────────────────────────────────────────────────────────────────────────────────────╮
│ Type a message...                                                                                                │
╰──────────────────────────────────────────────────────────────────────────────────────────────────────────────────╯
 no active tasks                                                                                          ctrl+t tasks
 enter send   ctrl+r thinking   ctrl+t tasks   ctrl+c quit
