 codecuttlectl  us.anthropic.claude-opus-4-6-v1  us-west-2  12p                       0 in 0 out 0% cache 0% ctx ~$0.00


































╭──────────────────────────────────────────────────────────────────────────────────────────────────────────────────╮
│ Type a message...                                                                                                │
╰──────────────────────────────────────────────────────────────────────────────────────────────────────────────────╯
 no active tasks                                                                                          ctrl+t tasks
 enter send   shift+enter newline   ctrl+m mouse   ctrl+r thinking   ctrl+t tasks   ctrl+c quit
